{
  "version": "1.5.0",
  "plugins_used": [
    {
      "name": "ArtifactoryDetector"
    },
    {
      "name": "AWSKeyDetector"
    },
    {
      "name": "AzureStorageKeyDetector"
    },
    {
      "name": "Base64HighEntropyString",
      "limit": 4.5
    },
    {
      "name": "BasicAuthDetector"
    },
    {
      "name": "CloudantDetector"
    },
    {
      "name": "DiscordBotTokenDetector"
    },
    {
      "name": "GitHubTokenDetector"
    },
    {
      "name": "GitLabTokenDetector"
    },
    {
      "name": "HexHighEntropyString",
      "limit": 3.0
    },
    {
      "name": "IbmCloudIamDetector"
    },
    {
      "name": "IbmCosHmacDetector"
    },
    {
      "name": "IPPublicDetector"
    },
    {
      "name": "JwtTokenDetector"
    },
    {
      "name": "KeywordDetector",
      "keyword_exclude": ""
    },
    {
      "name": "MailchimpDetector"
    },
    {
      "name": "NpmDetector"
    },
    {
      "name": "OpenAIDetector"
    },
    {
      "name": "PrivateKeyDetector"
    },
    {
      "name": "PypiTokenDetector"
    },
    {
      "name": "SendGridDetector"
    },
    {
      "name": "SlackDetector"
    },
    {
      "name": "SoftlayerDetector"
    },
    {
      "name": "SquareOAuthDetector"
    },
    {
      "name": "StripeDetector"
    },
    {
      "name": "TelegramBotTokenDetector"
    },
    {
      "name": "TwilioKeyDetector"
    }
  ],
  "filters_used": [
    {
      "path": "detect_secrets.filters.allowlist.is_line_allowlisted"
    },
    {
      "path": "detect_secrets.filters.common.is_ignored_due_to_verification_policies",
      "min_level": 2
    },
    {
      "path": "detect_secrets.filters.heuristic.is_indirect_reference"
    },
    {
      "path": "detect_secrets.filters.heuristic.is_likely_id_string"
    },
    {
      "path": "detect_secrets.filters.heuristic.is_lock_file"
    },
    {
      "path": "detect_secrets.filters.heuristic.is_not_alphanumeric_string"
    },
    {
      "path": "detect_secrets.filters.heuristic.is_potential_uuid"
    },
    {
      "path": "detect_secrets.filters.heuristic.is_prefixed_with_dollar_sign"
    },
    {
      "path": "detect_secrets.filters.heuristic.is_sequential_string"
    },
    {
      "path": "detect_secrets.filters.heuristic.is_swagger_file"
    },
    {
      "path": "detect_secrets.filters.heuristic.is_templated_secret"
    }
  ],
  "results": {
    "config/_default/params.toml": [
      {
        "type": "Secret Keyword",
        "filename": "config/_default/params.toml",
        "hashed_secret": "804d7c63d224cbab0f382b5b1a62e7675f7a0934",
        "is_verified": false,
        "line_number": 139
      }
    ],
    "content/posts/2026-02-12-c2pa.md": [
      {
        "type": "Secret Keyword",
        "filename": "content/posts/2026-02-12-c2pa.md",
        "hashed_secret": "4c2ca4326cdc3baa9ca11f67c0b9df6d63d6b189",
        "is_verified": false,
        "line_number": 165
      }
    ],
    "manifest.json": [
      {
        "type": "Secret Keyword",
        "filename": "manifest.json",
        "hashed_secret": "4c2ca4326cdc3baa9ca11f67c0b9df6d63d6b189",
        "is_verified": false,
        "line_number": 4
      }
    ],
    "themes/blowfish/config/_default/params.toml": [
      {
        "type": "Secret Keyword",
        "filename": "themes/blowfish/config/_default/params.toml",
        "hashed_secret": "804d7c63d224cbab0f382b5b1a62e7675f7a0934",
        "is_verified": false,
        "line_number": 139
      }
    ],
    "themes/blowfish/exampleSite/config/_default/params.toml": [
      {
        "type": "Base64 High Entropy String",
        "filename": "themes/blowfish/exampleSite/config/_default/params.toml",
        "hashed_secret": "51d381d123dab8b6f7cc560e9e2bc881043fc2b4",
        "is_verified": false,
        "line_number": 137
      },
      {
        "type": "Secret Keyword",
        "filename": "themes/blowfish/exampleSite/config/_default/params.toml",
        "hashed_secret": "51d381d123dab8b6f7cc560e9e2bc881043fc2b4",
        "is_verified": false,
        "line_number": 137
      }
    ],
    "themes/blowfish/exampleSite/content/docs/firebase-views/index.de.md": [
      {
        "type": "Base64 High Entropy String",
        "filename": "themes/blowfish/exampleSite/content/docs/firebase-views/index.de.md",
        "hashed_secret": "51d381d123dab8b6f7cc560e9e2bc881043fc2b4",
        "is_verified": false,
        "line_number": 29
      },
      {
        "type": "Secret Keyword",
        "filename": "themes/blowfish/exampleSite/content/docs/firebase-views/index.de.md",
        "hashed_secret": "51d381d123dab8b6f7cc560e9e2bc881043fc2b4",
        "is_verified": false,
        "line_number": 29
      }
    ],
    "themes/blowfish/exampleSite/content/docs/firebase-views/index.es.md": [
      {
        "type": "Base64 High Entropy String",
        "filename": "themes/blowfish/exampleSite/content/docs/firebase-views/index.es.md",
        "hashed_secret": "51d381d123dab8b6f7cc560e9e2bc881043fc2b4",
        "is_verified": false,
        "line_number": 29
      },
      {
        "type": "Secret Keyword",
        "filename": "themes/blowfish/exampleSite/content/docs/firebase-views/index.es.md",
        "hashed_secret": "51d381d123dab8b6f7cc560e9e2bc881043fc2b4",
        "is_verified": false,
        "line_number": 29
      }
    ],
    "themes/blowfish/exampleSite/content/docs/firebase-views/index.fr.md": [
      {
        "type": "Base64 High Entropy String",
        "filename": "themes/blowfish/exampleSite/content/docs/firebase-views/index.fr.md",
        "hashed_secret": "51d381d123dab8b6f7cc560e9e2bc881043fc2b4",
        "is_verified": false,
        "line_number": 29
      },
      {
        "type": "Secret Keyword",
        "filename": "themes/blowfish/exampleSite/content/docs/firebase-views/index.fr.md",
        "hashed_secret": "51d381d123dab8b6f7cc560e9e2bc881043fc2b4",
        "is_verified": false,
        "line_number": 29
      }
    ],
    "themes/blowfish/exampleSite/content/docs/firebase-views/index.it.md": [
      {
        "type": "Base64 High Entropy String",
        "filename": "themes/blowfish/exampleSite/content/docs/firebase-views/index.it.md",
        "hashed_secret": "51d381d123dab8b6f7cc560e9e2bc881043fc2b4",
        "is_verified": false,
        "line_number": 29
      },
      {
        "type": "Secret Keyword",
        "filename": "themes/blowfish/exampleSite/content/docs/firebase-views/index.it.md",
        "hashed_secret": "51d381d123dab8b6f7cc560e9e2bc881043fc2b4",
        "is_verified": false,
        "line_number": 29
      }
    ],
    "themes/blowfish/exampleSite/content/docs/firebase-views/index.ja.md": [
      {
        "type": "Base64 High Entropy String",
        "filename": "themes/blowfish/exampleSite/content/docs/firebase-views/index.ja.md",
        "hashed_secret": "51d381d123dab8b6f7cc560e9e2bc881043fc2b4",
        "is_verified": false,
        "line_number": 29
      },
      {
        "type": "Secret Keyword",
        "filename": "themes/blowfish/exampleSite/content/docs/firebase-views/index.ja.md",
        "hashed_secret": "51d381d123dab8b6f7cc560e9e2bc881043fc2b4",
        "is_verified": false,
        "line_number": 29
      }
    ],
    "themes/blowfish/exampleSite/content/docs/firebase-views/index.md": [
      {
        "type": "Base64 High Entropy String",
        "filename": "themes/blowfish/exampleSite/content/docs/firebase-views/index.md",
        "hashed_secret": "51d381d123dab8b6f7cc560e9e2bc881043fc2b4",
        "is_verified": false,
        "line_number": 29
      },
      {
        "type": "Secret Keyword",
        "filename": "themes/blowfish/exampleSite/content/docs/firebase-views/index.md",
        "hashed_secret": "51d381d123dab8b6f7cc560e9e2bc881043fc2b4",
        "is_verified": false,
        "line_number": 29
      }
    ],
    "themes/blowfish/exampleSite/content/docs/firebase-views/index.pt-br.md": [
      {
        "type": "Base64 High Entropy String",
        "filename": "themes/blowfish/exampleSite/content/docs/firebase-views/index.pt-br.md",
        "hashed_secret": "51d381d123dab8b6f7cc560e9e2bc881043fc2b4",
        "is_verified": false,
        "line_number": 29
      },
      {
        "type": "Secret Keyword",
        "filename": "themes/blowfish/exampleSite/content/docs/firebase-views/index.pt-br.md",
        "hashed_secret": "51d381d123dab8b6f7cc560e9e2bc881043fc2b4",
        "is_verified": false,
        "line_number": 29
      }
    ],
    "themes/blowfish/exampleSite/content/docs/firebase-views/index.pt-pt.md": [
      {
        "type": "Base64 High Entropy String",
        "filename": "themes/blowfish/exampleSite/content/docs/firebase-views/index.pt-pt.md",
        "hashed_secret": "51d381d123dab8b6f7cc560e9e2bc881043fc2b4",
        "is_verified": false,
        "line_number": 29
      },
      {
        "type": "Secret Keyword",
        "filename": "themes/blowfish/exampleSite/content/docs/firebase-views/index.pt-pt.md",
        "hashed_secret": "51d381d123dab8b6f7cc560e9e2bc881043fc2b4",
        "is_verified": false,
        "line_number": 29
      }
    ],
    "themes/blowfish/exampleSite/content/docs/firebase-views/index.zh-cn.md": [
      {
        "type": "Base64 High Entropy String",
        "filename": "themes/blowfish/exampleSite/content/docs/firebase-views/index.zh-cn.md",
        "hashed_secret": "51d381d123dab8b6f7cc560e9e2bc881043fc2b4",
        "is_verified": false,
        "line_number": 29
      },
      {
        "type": "Secret Keyword",
        "filename": "themes/blowfish/exampleSite/content/docs/firebase-views/index.zh-cn.md",
        "hashed_secret": "51d381d123dab8b6f7cc560e9e2bc881043fc2b4",
        "is_verified": false,
        "line_number": 29
      }
    ],
    "themes/blowfish/exampleSite/content/docs/shortcodes/index.de.md": [
      {
        "type": "Hex High Entropy String",
        "filename": "themes/blowfish/exampleSite/content/docs/shortcodes/index.de.md",
        "hashed_secret": "358d0a0ef1983ec960b4ffbc9cfca48c2619a6e3",
        "is_verified": false,
        "line_number": 412
      }
    ],
    "themes/blowfish/exampleSite/content/docs/shortcodes/index.es.md": [
      {
        "type": "Hex High Entropy String",
        "filename": "themes/blowfish/exampleSite/content/docs/shortcodes/index.es.md",
        "hashed_secret": "358d0a0ef1983ec960b4ffbc9cfca48c2619a6e3",
        "is_verified": false,
        "line_number": 412
      }
    ],
    "themes/blowfish/exampleSite/content/docs/shortcodes/index.fr.md": [
      {
        "type": "Hex High Entropy String",
        "filename": "themes/blowfish/exampleSite/content/docs/shortcodes/index.fr.md",
        "hashed_secret": "358d0a0ef1983ec960b4ffbc9cfca48c2619a6e3",
        "is_verified": false,
        "line_number": 412
      }
    ],
    "themes/blowfish/exampleSite/content/docs/shortcodes/index.it.md": [
      {
        "type": "Hex High Entropy String",
        "filename": "themes/blowfish/exampleSite/content/docs/shortcodes/index.it.md",
        "hashed_secret": "358d0a0ef1983ec960b4ffbc9cfca48c2619a6e3",
        "is_verified": false,
        "line_number": 414
      }
    ],
    "themes/blowfish/exampleSite/content/docs/shortcodes/index.ja.md": [
      {
        "type": "Hex High Entropy String",
        "filename": "themes/blowfish/exampleSite/content/docs/shortcodes/index.ja.md",
        "hashed_secret": "358d0a0ef1983ec960b4ffbc9cfca48c2619a6e3",
        "is_verified": false,
        "line_number": 412
      }
    ],
    "themes/blowfish/exampleSite/content/docs/shortcodes/index.md": [
      {
        "type": "Hex High Entropy String",
        "filename": "themes/blowfish/exampleSite/content/docs/shortcodes/index.md",
        "hashed_secret": "358d0a0ef1983ec960b4ffbc9cfca48c2619a6e3",
        "is_verified": false,
        "line_number": 417
      }
    ],
    "themes/blowfish/exampleSite/content/docs/shortcodes/index.pt-br.md": [
      {
        "type": "Hex High Entropy String",
        "filename": "themes/blowfish/exampleSite/content/docs/shortcodes/index.pt-br.md",
        "hashed_secret": "358d0a0ef1983ec960b4ffbc9cfca48c2619a6e3",
        "is_verified": false,
        "line_number": 412
      }
    ],
    "themes/blowfish/exampleSite/content/docs/shortcodes/index.pt-pt.md": [
      {
        "type": "Hex High Entropy String",
        "filename": "themes/blowfish/exampleSite/content/docs/shortcodes/index.pt-pt.md",
        "hashed_secret": "358d0a0ef1983ec960b4ffbc9cfca48c2619a6e3",
        "is_verified": false,
        "line_number": 412
      }
    ],
    "themes/blowfish/exampleSite/content/docs/shortcodes/index.zh-cn.md": [
      {
        "type": "Hex High Entropy String",
        "filename": "themes/blowfish/exampleSite/content/docs/shortcodes/index.zh-cn.md",
        "hashed_secret": "358d0a0ef1983ec960b4ffbc9cfca48c2619a6e3",
        "is_verified": false,
        "line_number": 420
      }
    ]
  },
  "generated_at": "2026-02-14T13:49:09Z"
}
